                                                                                         t                             
                                                                                         t                             
                                                                                         t                             
                                                    t                     ttt  t         t                             
                                           ttt      t                          t         t                             
                                     ttt            t                 ttt      t         t                             
                                                    t                          t         t                             
                              ttt                   t            ttt           t         t                             
                                                    t                          t                                        
                        ttt                         t                          t                                        
                                                    t       ttt                t                                        
                  ttt                               t             ttt          t                                        
                                                    t                  ttt     t                                        
                       ttt                          t                          t                                        
                                                  ttt                        ttt                                        
                            ttt                   t                        ttt                                                           
                                          ttttttttt                       ttt                                           
                        ttt                                            tt                           x
                       t                                            x  tt                         x x x
                    t t                                           x x        tttttt             x x x x x
                   tt                                           x x x                         x x x x x x x
         x        ttt       t            t  tt                x x x x                       x x x x x x x x x
        xx      x                     t         t           x x x x x       t             x x x x x x x x x x x           
xxxxxxxxxx  xxxxx    xxx       xxxxxx             xxxxxxxxx x x x x x xxxxx   t    xxxxxxxx x x x x x x x x x xxxxxxxxxx
xxxxxxxxxx  xxxxx    xxx       xxxxxx             xxxxxxxxx x x x x x xxxxx     t  xxxxxxxx x x x x x x x x x xxxxxxxxxx
xxxxxxxxxx  xxxxx    xxx       xxxxxx             xxxxxxxxx x x x x x xxxxx        xxxxxxxx x x x x x x x x x xxxxxxxxxx
xxxxxxxxxx  xxxxx    xxx       xxxxxx             xxxxxxxxx x x x x x xxxxx        xxxxxxxx x x x x x x x x x xxxxxxxxxx
