                                                                                         t
                                                                                         t
                                                                            1            t
                                             2      t                     ttt  t         t
                                           ttt      t                   1      t         t
                                     ttt            t                 ttt      t         t
                                1                   t                          t     1 2 t
                              ttt                   t            ttt           t  tttttttt
                          1                         t                          t
                        ttt                         t                          t
                                                    t       ttt                t
                  ttt                               t             ttt          t
                                                    t                  ttt     t
                       ttt                         2t                          t
                                                  ttt                        ttt
                            ttt              1   1t                        ttt                       
                                          ttttttttt                     1 ttt                       2    
                        ttt                                         1  tt                           x
                       t                                          1 x  tt    2                    x x x
                    t t                                         1 x x        tttttt             x x x x x
                   tt                        2                1 x x x                         x x x x x x x
         x        ttt       t            t  tt              1 x x x x                       x x x x x x x x x
        xx     1x                1    t         t      1  1 x x x x x       t         1   x x x x x x x x x x x           
xxxxxxxxxx  xxxxx    xxx       xxxxxx             xxxxxxxxx x x x x x xxxxx   t    xxxxxxxx x x x x x x x x x xxxxxxxxxx
xxxxxxxxxx  xxxxx    xxx       xxxxxx             xxxxxxxxx x x x x x xxxxx     t  xxxxxxxx x x x x x x x x x xxxxxxxxxx
xxxxxxxxxx  xxxxx    xxx       xxxxxx             xxxxxxxxx x x x x x xxxxx        xxxxxxxx x x x x x x x x x xxxxxxxxxx
xxxxxxxxxx  xxxxx    xxx       xxxxxx             xxxxxxxxx x x x x x xxxxx        xxxxxxxx x x x x x x x x x xxxxxxxxxx