                                                                                                         x              
                                                                                                                        
                                                                                                         x              
                                                                                                         xxxxx          
                                                              xxx                                        x               
                                  xxxxxxxx                  xxx xxx                                      x              
                                 xx  xx                   xxx     xxx                       xxx          x          xxxx 
                                     xx                 xxx         xxx     xxx     xxx                  x             x
                              xxxxxxxxxxxxxxxxxxxx                                                       x             x
                          xx         xx                                                         xx       xxxx          x
                         xx          xx                                                        xxx       x             x
                                     xx                                                       xxxx       x             x
                     xxxxxxxxx       xx                                                      xxxxx       x              
                 x                   xx                                                     xxxxxx       x      xxx     
xxxxxxxxxxxxxx                       xx                                                    xxxxxxx       x              
     xxxx       xxxxxxxxxx           xx                                                   xxxxx          xxxx           
     xxxx          xxxx              xx                                            xxxxxxxxxxxx          x              
     xxxx          xxxx              xx                                               xx     xx          x              
     xxxx          xxxx              xx         xxxxxxxxxx           xxxxxxxxxx       xx     xx          x          xxxx
     xxxx          xxxx              xx             xx             x     xx           xx     xx          x             x
     xxxx          xxxx              xx             xx                   xx           xx     xx          x             x
     xxxx          xxxx              xx             xx         xx        xx           xx     xx          xxxxx         x
     xxxx          xxxx              xx             xx                   xx           xx     xx                        x
     xxxx          xxxx              xx             xx                   xx           xx     xx                        x
     xxxx          xxxx              xx             xx                   xx           xx     xx      xxxxxxxxxxxxxxxxxxx
     xxxx          xxxx              xx             xx                   xx           xx     xx
     xxxx          xxxx              xx             xx                   xx           xx     xx
