                                                                                                         t              
                                                                                                         t              
                                                                                                         t              
                                                                                                         ttttt          
                                                              ttt                                        t               
                                  tttttttt                  ttt ttt                                      t              
                                 tt  xx                   ttt     ttt                       ttt          t          tttt 
                                     xx                 ttt         ttt     ttt     ttt                  t             t
                              tttttttxxttttttttttt                                                       t             t
                          tt         xx                                                         xx       tttt          t
                         tt          xx                                                        txx       t             t
                                     xx                                                       ttxx       t             t
                     ttttttttt       xx                                                      tttxx       t          tttt
                 t                   xx                                                     ttttxx       t      ttt    t
tttttttttttttt                       xx                                                    ttttttttttt   t             t
     xxxx       tttttttttt           xx                                                   tttxx      t   tttt          t
     xxxx          xxxx              xx                                            ttttttttttxx      t   t             t
     xxxx          xxxx              xx                                               xx     xx      t   t             t
     xxxx          xxxx              xx         tttttttttt           tttttttttt       xx     xx      t   t          tttt
     xxxx          xxxx              xx             xx             t     xx           xx     xx      t   t             t
     xxxx          xxxx              xx             xx                   xx           xx     xx      t   t             t
     xxxx          xxxx              xx             xx         tt        xx           xx     xx      t   ttttt         t
     xxxx          xxxx              xx             xx                   xx           xx     xx      t                 t
     xxxx          xxxx              xx             xx                   xx           xx     xx      t                 t
     xxxx          xxxx              xx             xx                   xx           xx     xx      ttttttttttttttttttt
     xxxx          xxxx              xx             xx                   xx           xx     xx
     xxxx          xxxx              xx             xx                   xx           xx     xx
