                                    t                                                                      t           x
                                    t                                                                      t           x
                                    t                                                                      t           x
                                    t                 ttt      ttt     ttt      ttt      ttt               t           x
                                    t                                                                      t           x
                                    t            ttt      ttt      ttt      ttt      ttt      ttt          t           x
                                    t                                                                      t           x
                                    t       ttt       ttt      ttt     ttt       ttt      ttt     ttt      t           x
                                                                                                                       x
                                       ttt       ttt       ttt     ttt     ttt       ttt      ttt     ttt              x
                                  ttt                                                                     ttt          x
                                 t xxxxxxxxxxxxxxxxxxxxxxxxxxxxxxxxxxxxxxxxxxxxxxxxxxxxxxxxxxxxxxxxxxxxxxxxx           x                                                            
                                t  xtttttttttttttttttttttttttttttttttttttttttttttttttttttttttttttttttttttttt           x                                                           
                               t   xt                                                                      t           x
                                   xt                                                                      t           x
                        xtttt      tt                                                                      t           x
                     x  x                             ttt    ttt    ttt     ttt   ttt                                  x
                  x  x  x                                                                                              x
               x  x  x  x                          ttt    ttt    ttt     ttt   ttt    ttt                              x
            x  x  x  x  x                                                                                              x
         x  x  x  x  x  x                       ttt    ttt    ttt     ttt   ttt    ttt    ttt                          x                          
      x  x  x  x  x  x  x                                                                                              x
xxxxxxx  x  x  x  x  x  xttttttttttt         ttt    ttt    ttt     ttt   ttt    ttt    ttt   ttt         ttx           x
xxxxxxx  x  x  x  x  x  x                                                                                  x           x
xxxxxxx  x  x  x  x  x  x                 ttt   ttt    ttt     ttt    ttt    ttt    ttt   ttt    ttt       x           x
xxxxxxx  x  x  x  x  x  x                                                                                  x           x
xxxxxxx  x  x  x  x  x  x             ttt    ttt    ttt    ttt    ttt    ttt    ttt    ttt    ttt   ttt    xxxxxxxxxxxxx

























