                                                                       t                                                
                                                                       ttt      
                                                                     tt      ttt     
                                                                 ttt               ttt
                                                    ttttttttt                                tx                            
               x                                  ttttttt                                     x               xttttttttx
             x x                                    ttttt                                   ttx               x        x
           x x x           ttt     ttt           tttttttt                                     x   t       t   x        x
         x x x x       ttt             ttt          ttttt                                  tttxt  t       tt  x        x
       x x x x x                                    ttttt                                     x   t       t   x        x
xxxxxxxx x x x xxxxxxxx                   xxxxxx    ttttttttttttttttttttttttttttttttttttttttttttttt       tttttttt     x
xxxxxxxx x x x xxxxxxxx                   xxxxxx                                                                       x
xxxxxxxx x x x xxxxxxxx                   xxxxxx                                                                     ttx
xxxxxxxx x x x xxxxxxxx                   xxxxxx                                                                       x
xxxxxxxx x x x xxxxxxxx                   xxxxxxxxxxxxxxxxxx   xxxx   xxxxx   xxxx   xxxxx    xxxxxxxxxxxxxxxxxxxxxxxxxx