                                                    
                                                    
                                                    
                                                    
                                                    
                                                    
                                                    
                                                    
                                                    
                                                    
                                                    
                                                                                      
                                                     
                                                                      1ttt     1
                                                                     tt      ttt    2
                                                                 ttt               ttt
                                                    ttttttttt                                tx                            
               x                                  ttttttt                                     x               xttttttttx
             x x            1       1               ttttt                                   ttx               x        x
           x x x           ttt     ttt           tttttttt                                     x   t       t   x        x
         x x x x       ttt             ttt          ttttt                                  tttxt  t       tt  x        x
       x x x x x                                    ttttt12  12  12  12  12  12  12  12  12 12x  2t       t  2x        x
xxxxxxxx x x x xxxxxxxx                   xxxxxx    ttttttttttttttttttttttttttttttttttttttttttttttt       tttttttt     x
xxxxxxxx x x x xxxxxxxx                   xxxxxx                                                                       x
xxxxxxxx x x x xxxxxxxx                   xxxxxx                                                                     ttx
xxxxxxxx x x x xxxxxxxx                   xxxxxx                 1    2   2     2    1   1       2   2        2        x
xxxxxxxx x x x xxxxxxxx                   xxxxxxxxxxxxxxxxxx   xxxx   xxxxx   xxxx   xxxxx    xxxxxxxxxxxxxxxxxxxxxxxxxx