                                                                       x                                                
                                                                       xxx      
                                                                     xx      xxx     
                                                                 xxx               xxx
                                                    xxxxxxxxx                                xx                            
               x                                  xxxxxxx                                     x               xxxxxxxxxx
             x x                                    xxxxx                                   xxx               x        x
           x x x           xxx     xxx           xxxxxxxx                                     x   x       x   x        x
         x x x x       xxx             xxx          xxxxx                                  xxxxx  x       xx  x        x
       x x x x x                                    xxxxx                                     x   x       x   x        x
xxxxxxxx x x x xxxxxxxx                   xxxxxx    xxxxxxxxxxxxxxxxxxxxxxxxxxxxxxxxxxxxxxxxxxxxxxx       xxxxxxxx     x
xxxxxxxx x x x xxxxxxxx                   xxxxxx                                                                       x
xxxxxxxx x x x xxxxxxxx                   xxxxxx                                                                     xxx
xxxxxxxx x x x xxxxxxxx                   xxxxxx                                                                       x
xxxxxxxx x x x xxxxxxxx                   xxxxxxxxxxxxxxxxxx   xxxx   xxxxx   xxxx   xxxxx    xxxxxxxxxxxxxxxxxxxxxxxxxx