       xxxxxxxxxxxxxxxxxxxxxxxxxxxxxxxxxxxxxxxxxxxxxxxxxxxxxxxxxxxxxxxxxxxxxxxxxxxxxxxxxxxxxxxxxxxxxxxxxxxxxxxxxxxxxxxxx
       xxxxxxxxxxxxxxxxxxxxxxxxxxxxxxxxxxxxxxxxxxxxxxxxxxxxxxxxxxxxxxxxxxxxxxxxxxxxxxxxxxxxxxxxxxxxxxxxxxxxxxxxxxxxxxxxx
                         xxxxxxxxxxxxxxxxxxxxxxxxxxxxxxxxxxxxxxxxxxxxxxxxxxxxxxxxxxxxxxxxxxxxxxxxxxxxxxxxxxxxxxxxxxxxxxx
                         xxxxxxxxxxxxxxxxxxxxxxxxxxxxxxxxxxxxxxxxxxxxxxxxxxxxxxxxxxxxxxxxxxxxxxxxxxxxxxxxxxxxxxxxxxxxxxx
                         xxxxxxxxxxxxxxxxxxxxxxxxxxxxxxxxxxxxxxxxxxxxxxxxxxxxxxxxxxxxxxxxxxxxxxxxxxxxxxxxxxxxxxxxxxxxxxx
xxxxxxxxxxxxxxxxxxx      xxxxxxxxxxxxxxxxxxxxxx                     xxxxxxxxxxxxxxxxxxxxxxxxxxxxxxxxxxxxxxxxxxxxxxxxxxxx
xxxxxxxxxxxxxxxxxxx      xxxxxxxxxxxxxxxxxxxxxx                     xxxxx                                        t     x
xxxxxxxxxxxxxxxxxxx      xxxxxxxxxxxxxxxxxxxxxx                     xxxxx                                        t     x 
xxxxxxxx                 xxxxxxxxxxxxxxxxxxxxxx                     xxxxx                                              x
xxxxxxxx                 xxxxxxxxxxxxxxxxxxxxxx                     xxxxx                                   1212       x
xxxxxxxx         11      xxxxxxxxxxxxxxxxxxxxxx        xxxxxx       xxxxx        1 xxxxxxxxxxxxxxxxxxxxxxxxxxxxxxx    xx 
xxxxxxxx      xxxxxxxxxxxxxxxxxxxxxxxxxxxxxxxxx       txxxxxx       xxxxx      ttt xxxxxxxxxxxxxxxxxxxxxxxxxxxxxxx    xx
xxxxxxxx      xxxxxxxxxxxxxxxxxxxxxxxxxxxxxxxxx      1 xxxxxx       xxxxx          x                                   
xxxxxxxx      xxxxxxxxxxxxxxxxxxxxxxxxxxxxxxxxx     tt xxxxxx       xxxxx 2        x               
xxxxxxxx      xxxxxxxxxxxxxxxxxxxxxxxxxxxxxxxxx1       xxxxxx       xxxxxttt       x               
xxxxxxxx      xxxxxxxxxxxxxxxxxxxxxxxxxxxxxxxxxtt      xxxxxx       xxxxx        1 x                              2222        
xxxxxxxx                                               xxxxxx       xxxxx      ttt xxxxxxxxxxxxxxxxxxxxxxxxxxxxxxxxxxxxx
xxxxxxxx                                              1xxxxxx       xxxxx          xxxxxxxxxxxxxxxxxxxxxxxxxxxxxxxxxxxxx
xxxxxxxx                                             ttxxxxxx       xxxxxttt                                           x
xxxxxxxx    22         22     2      2     2           xxxxxx                    2                                     x
xxxxxxxxxxxxxx       xxxx    xxx    xx    xxx       xxxxxxxxxxx                 ttt                                    x
xxxxxxxxxxxxxx       xxxx    xxx    xx    xxxxxt    xxxxxxxxxxx   12                           11       22     22  11  x
xxxxxxxxxxxxxx                                    xxxxxxxxxxxxxxxxxx               xxxxxxxxxxxxxxxxxxxxxxxxxxxxxxxxxxxxx
xxxxxxxxxxxxxx                                   xxxxxxxxxxxxxxxxxxx               xxxxxxxxxxxxxxxxxxxxxxxxxxxxxxxxxxxxx
xxxxxxxxxxxxxxxxxxxxxxxxxx  xxxxx  xxxx  xxxxxxxxxxxxxxxxxxxxxxxxxxxxxxxxxxxxxxxxxxxxxxxxxxxxxxxxxxxxxxxxxxxxxxxxxxxxxxx
xxxxxxxxxxxxxxxxxxxxxxxxxx  xxxxx  xxxx  xxxxxxxxxxxxxxxxxxxxxxxxxxxxxxxxxxxxxxxxxxxxxxxxxxxxxxxxxxxxxxxxxxxxxxxxxxxxxxx
xxxxxxxxxxxxxxxxxxxxxxxxxx  xxxxx  xxxx  xxxxxxxxxxxxxxxxxxxxxxxxxxxxxxxxxxxxxxxxxxxxxxxxxxxxxxxxxxxxxxxxxxxxxxxxxxxxxxx