       xxxxxxxxxxxxxxxxxxxxxxxxxxxxxxxxxxxxxxxxxxxxxxxxxxxxxxxxxxxxxxxxxxxxxxxxxxxxxxxxxxxxxxxxxxxxxxxxxxxxxxxxxxxxxxxxx
       xxxxxxxxxxxxxxxxxxxxxxxxxxxxxxxxxxxxxxxxxxxxxxxxxxxxxxxxxxxxxxxxxxxxxxxxxxxxxxxxxxxxxxxxxxxxxxxxxxxxxxxxxxxxxxxxx
                         xxxxxxxxxxxxxxxxxxxxxxxxxxxxxxxxxxxxxxxxxxxxxxxxxxxxxxxxxxxxxxxxxxxxxxxxxxxxxxxxxxxxxxxxxxxxxxx
                         xxxxxxxxxxxxxxxxxxxxxxxxxxxxxxxxxxxxxxxxxxxxxxxxxxxxxxxxxxxxxxxxxxxxxxxxxxxxxxxxxxxxxxxxxxxxxxx
                         xxxxxxxxxxxxxxxxxxxxxxxxxxxxxxxxxxxxxxxxxxxxxxxxxxxxxxxxxxxxxxxxxxxxxxxxxxxxxxxxxxxxxxxxxxxxxxx
xxxxxxxxxxxxxxxxxxx      xxxxxxxxxxxxxxxxxxxxxx                     xxxxxxxxxxxxxxxxxxxxxxxxxxxxxxxxxxxxxxxxxxxxxxxxxxxx
xxxxxxxxxxxxxxxxxxx      xxxxxxxxxxxxxxxxxxxxxx                     xxxxx                                        t     x
xxxxxxxxxxxxxxxxxxx      xxxxxxxxxxxxxxxxxxxxxx                     xxxxx                                        t     x 
xxxxxxxx                 xxxxxxxxxxxxxxxxxxxxxx                     xxxxx                                              x
xxxxxxxx                 xxxxxxxxxxxxxxxxxxxxxx                     xxxxx                                              x
xxxxxxxx                 xxxxxxxxxxxxxxxxxxxxxx        xxxxxx       xxxxx          xxxxxxxxxxxxxxxxxxxxxxxxxxxxxxx    xx 
xxxxxxxx      xxxxxxxxxxxxxxxxxxxxxxxxxxxxxxxxx       txxxxxx       xxxxx      ttt xxxxxxxxxxxxxxxxxxxxxxxxxxxxxxx    xx
xxxxxxxx      xxxxxxxxxxxxxxxxxxxxxxxxxxxxxxxxx        xxxxxx       xxxxx          x                                   
xxxxxxxx      xxxxxxxxxxxxxxxxxxxxxxxxxxxxxxxxx     tt xxxxxx       xxxxx          x               
xxxxxxxx      xxxxxxxxxxxxxxxxxxxxxxxxxxxxxxxxx        xxxxxx       xxxxxttt       x               
xxxxxxxx      xxxxxxxxxxxxxxxxxxxxxxxxxxxxxxxxxtt      xxxxxx       xxxxx          x                                          
xxxxxxxx                                               xxxxxx       xxxxx      ttt xxxxxxxxxxxxxxxxxxxxxxxxxxxxxxxxxxxxx
xxxxxxxx                                               xxxxxx       xxxxx          xxxxxxxxxxxxxxxxxxxxxxxxxxxxxxxxxxxxx
xxxxxxxx                                             ttxxxxxx       xxxxxttt                                           x
xxxxxxxx                                               xxxxxx                                                          x
xxxxxxxxxxxxxx       xxxx    xxx    xx    xxx       xxxxxxxxxxx                 ttt                                    x
xxxxxxxxxxxxxx       xxxx    xxx    xx    xxxxxt    xxxxxxxxxxx                                                        x
xxxxxxxxxxxxxx                                    xxxxxxxxxxxxxxxxxx               xxxxxxxxxxxxxxxxxxxxxxxxxxxxxxxxxxxxx
xxxxxxxxxxxxxx                                   xxxxxxxxxxxxxxxxxxx               xxxxxxxxxxxxxxxxxxxxxxxxxxxxxxxxxxxxx
xxxxxxxxxxxxxxxxxxxxxxxxxx  xxxxx  xxxx  xxxxxxxxxxxxxxxxxxxxxxxxxxxxxxxxxxxxxxxxxxxxxxxxxxxxxxxxxxxxxxxxxxxxxxxxxxxxxxx
xxxxxxxxxxxxxxxxxxxxxxxxxx  xxxxx  xxxx  xxxxxxxxxxxxxxxxxxxxxxxxxxxxxxxxxxxxxxxxxxxxxxxxxxxxxxxxxxxxxxxxxxxxxxxxxxxxxxx
xxxxxxxxxxxxxxxxxxxxxxxxxx  xxxxx  xxxx  xxxxxxxxxxxxxxxxxxxxxxxxxxxxxxxxxxxxxxxxxxxxxxxxxxxxxxxxxxxxxxxxxxxxxxxxxxxxxxx