                           xxxxxxxxxxxxxxxxxxxxxxxxxxxxxxxxxxxxxxxxxxxxxxxxxxxxxxxxxxxxxxxxxxxxxxxxxxxxxxxxxxxxxxxxxxxxxxxxxxxxxxxxxxxxxxxxx
                           xxxxxxxxxxxxxxxxxxxxxxxxxxxxxxxxxxxxxxxxxxxxxxxxxxxxxxxxxxxxxxxxxxxxxxxxxxxxxxxxxxxxxxxxxxxxxxxxxxxxxxxxxxxxxxxxx
                                             xxxxxxxxxxxxxxxxxxxxxxxxxxxxxxxxxxxxxxxxxxxxxxxxxxxxxxxxxxxxxxxxxxxxxxxxxxxxxxxxxxxxxxxxxxxxxxx
                                             xxxxxxxxxxxxxxxxxxxxxxxxxxxxxxxxxxxxxxxxxxxxxxxxxxxxxxxxxxxxxxxxxxxxxxxxxxxxxxxxxxxxxxxxxxxxxxx
                                             xxxxxxxxxxxxxxxxxxxxxxxxxxxxxxxxxxxxxxxxxxxxxxxxxxxxxxxxxxxxxxxxxxxxxxxxxxxxxxxxxxxxxxxxxxxxxxx
                    xxxxxxxxxxxxxxxxxxx      xxxxxxxxxxxxxxxxxxxxxx                     xxxxxxxxxxxxxxxxxxxxxxxxxxxxxxxxxxxxxxxxxxxxxxxxxxxx
                    xxxxxxxxxxxxxxxxxxx      xxxxxxxxxxxxxxxxxxxxxx                     xxxxx                                        x     x
                    xxxxxxxxxxxxxxxxxxx      xxxxxxxxxxxxxxxxxxxxxx                     xxxxx                                        x     x 
                    xxxxxxxx                 xxxxxxxxxxxxxxxxxxxxxx                     xxxxx                                              x
                    xxxxxxxx                 xxxxxxxxxxxxxxxxxxxxxx                     xxxxx                                              x
                    xxxxxxxx                 xxxxxxxxxxxxxxxxxxxxxx        xxxxxx       xxxxx          xxxxxxxxxxxxxxxxxxxxxxxxxxxxxx     xx 
                    xxxxxxxx      xxxxxxxxxxxxxxxxxxxxxxxxxxxxxxxxx       xxxxxxx       xxxxx      xxx xxxxxxxxxxxxxxxxxxxxxxxxxxxxxx     xx
                    xxxxxxxx      xxxxxxxxxxxxxxxxxxxxxxxxxxxxxxxxx        xxxxxx       xxxxx          x                         x          
                    xxxxxxxx      xxxxxxxxxxxxxxxxxxxxxxxxxxxxxxxxx     xx xxxxxx       xxxxx          x               	     x
                    xxxxxxxx      xxxxxxxxxxxxxxxxxxxxxxxxxxxxxxxxx        xxxxxx       xxxxxxxx       x               	     x
                                  xxxxxxxxxxxxxxxxxxxxxxxxxxxxxxxxxxx      xxxxxx       xxxxx          x 			     x                                         
                                                                           xxxxxx       xxxxx      xxx xxxxxxxxxxxxxxxxxxxxxxxxxxxxxxxxxxxxx
                                                                           xxxxxx       xxxxx          xxxxxxxxxxxxxxxxxxxxxxxxxxxxxxxxxxxxx
                                                                         xxxxxxxx       xxxxxxxx                                           x
                                                                           xxxxxx                                                          x
                    xxxxxxxxxxxxxx       xxxx    xxx    xx    xxx       xxxxxxxxxxx                 xxx                                    x
                    xxxxxxxxxxxxxx       xxxx    xxx    xx    xxxxxx    xxxxxxxxxxx                                                        x
                    xxxxxxxxxxxxxx                                    xxxxxxxxxxxxxxxxxx               xxxxxxxxxxxxxxxxxxxxxxxxxxxxxxxxxxxxx
                    xxxxxxxxxxxxxx                                   xxxxxxxxxxxxxxxxxxx               xxxxxxxxxxxxxxxxxxxxxxxxxxxxxxxxxxxxx
                    xxxxxxxxxxxxxxxxxxxxxxxxxx  xxxxx  xxxx  xxxxxxxxxxxxxxxxxxxxxxxxxxxxxxxxxxxxxxxxxxxxxxxxxxxxxxxxxxxxxxxxxxxxxxxxxxxxxxx
                    xxxxxxxxxxxxxxxxxxxxxxxxxx  xxxxx  xxxx  xxxxxxxxxxxxxxxxxxxxxxxxxxxxxxxxxxxxxxxxxxxxxxxxxxxxxxxxxxxxxxxxxxxxxxxxxxxxxxx
                    xxxxxxxxxxxxxxxxxxxxxxxxxx  xxxxx  xxxx  xxxxxxxxxxxxxxxxxxxxxxxxxxxxxxxxxxxxxxxxxxxxxxxxxxxxxxxxxxxxxxxxxxxxxxxxxxxxxxx